

HoaPT-LCI@DESKTOP-I0A1NT0 MINGW64 /d/Project/DucGiangLCI
$ git init
git add .
git commit -m "Initial commit"
git push -u origin masterInitialized empty Git repository in D:/Project/DucGiangLCI/.git/

HoaPT-LCI@DESKTOP-I0A1NT0 MINGW64 /d/Project/DucGiangLCI (master)
$ git remote add origin https://gitlab.com/phunghoait/hddt-xxx.git

HoaPT-LCI@DESKTOP-I0A1NT0 MINGW64 /d/Project/DucGiangLCI (master)
$ git add .
error: open(".vs/DucGiangLCI/v15/Server/sqlite3/db.lock"): Permission denied
error: unable to index file '.vs/DucGiangLCI/v15/Server/sqlite3/db.lock'
fatal: adding files failed

HoaPT-LCI@DESKTOP-I0A1NT0 MINGW64 /d/Project/DucGiangLCI (master)
$ git commit -m "Initial commit"

*** Please tell me who you are.

Run

  git config --global user.email "you@example.com"
  git config --global user.name "Your Name"

to set your account's default identity.
Omit --global to set the identity only in this repository.

fatal: unable to auto-detect email address (got 'HoaPT-LCI@DESKTOP-I0A1NT0.(none)')

HoaPT-LCI@DESKTOP-I0A1NT0 MINGW64 /d/Project/DucGiangLCI (master)
$ git push -u origin master^C

HoaPT-LCI@DESKTOP-I0A1NT0 MINGW64 /d/Project/DucGiangLCI (master)
$  git config --global user.email "phunghoait@gmail.com"

HoaPT-LCI@DESKTOP-I0A1NT0 MINGW64 /d/Project/DucGiangLCI (master)
$  git config --global user.name "phunghoait"

HoaPT-LCI@DESKTOP-I0A1NT0 MINGW64 /d/Project/DucGiangLCI (master)
$ git commit -m "Initial commit"
On branch master

Initial commit

Untracked files:
        .vs/
        DucGiangLCI.sln
        FileImport/
        Quanlybenxe.Utilities/
        Quanlybenxe/
        UpgradeLog.htm
        packages/

nothing added to commit but untracked files present

HoaPT-LCI@DESKTOP-I0A1NT0 MINGW64 /d/Project/DucGiangLCI (master)
$ git status
On branch master

No commits yet

Untracked files:
  (use "git add <file>..." to include in what will be committed)

        .vs/
        DucGiangLCI.sln
        FileImport/
        Quanlybenxe.Utilities/
        Quanlybenxe/
        UpgradeLog.htm
        packages/

nothing added to commit but untracked files present (use "git add" to track)

HoaPT-LCI@DESKTOP-I0A1NT0 MINGW64 /d/Project/DucGiangLCI (master)
$ git add .
error: open(".vs/DucGiangLCI/v15/Server/sqlite3/db.lock"): Permission denied
error: unable to index file '.vs/DucGiangLCI/v15/Server/sqlite3/db.lock'
fatal: adding files failed

HoaPT-LCI@DESKTOP-I0A1NT0 MINGW64 /d/Project/DucGiangLCI (master)
$ git add DucGiangLCI.sln
g
HoaPT-LCI@DESKTOP-I0A1NT0 MINGW64 /d/Project/DucGiangLCI (master)
$ git add FileImport/*
git a
HoaPT-LCI@DESKTOP-I0A1NT0 MINGW64 /d/Project/DucGiangLCI (master)
$ git add Quanlybenxe*
ls
git status
warning: LF will be replaced by CRLF in Quanlybenxe/bin/x86/Debug/DevExpress.Pdf.v18.2.Core.xml.
The file will have its original line endings in your working directory
warning: LF will be replaced by CRLF in Quanlybenxe/bin/x86/Debug/DevExpress.RichEdit.v18.2.Core.xml.
The file will have its original line endings in your working directory
warning: LF will be replaced by CRLF in Quanlybenxe/bin/x86/Debug/DevExpress.Utils.v18.2.xml.
The file will have its original line endings in your working directory
warning: LF will be replaced by CRLF in Quanlybenxe/bin/x86/Debug/DevExpress.XtraBars.v18.2.xml.
The file will have its original line endings in your working directory
warning: LF will be replaced by CRLF in Quanlybenxe/bin/x86/Debug/DevExpress.XtraEditors.v18.2.xml.
The file will have its original line endings in your working directory
warning: LF will be replaced by CRLF in Quanlybenxe/bin/x86/Debug/DevExpress.XtraGrid.v18.2.xml.
The file will have its original line endings in your working directory
warning: LF will be replaced by CRLF in Quanlybenxe/bin/x86/Debug/DevExpress.XtraLayout.v18.2.xml.
The file will have its original line endings in your working directory
warning: LF will be replaced by CRLF in Quanlybenxe/bin/x86/Debug/DevExpress.XtraPdfViewer.v18.2.xml.
The file will have its original line endings in your working directory
warning: LF will be replaced by CRLF in Quanlybenxe/bin/x86/Debug/DevExpress.XtraTreeList.v18.2.xml.
The file will have its original line endings in your working directory
warning: LF will be replaced by CRLF in Quanlybenxe/bin/x86/Debug/debug.log.
The file will have its original line endings in your working directory
